$ pnpm run lint && pnpm run format:check && pnpm run typecheck && pnpm run check:generated && pnpm run check:imports && pnpm run build
$ eslint . --max-warnings=0
Multiple projects found, consider using a single `tsconfig` with `references` to speed up, or use `noWarnOnMultipleProjects` to suppress this warning
$ node scripts/format.mjs --check
Checking formatting...
All matched files use Prettier code style!
$ tsc --project apps/api/tsconfig.json && tsc --project apps/api/test/tsconfig.json && tsc --project apps/ingestion/tsconfig.json && tsc --project apps/ingestion/test/tsconfig.json && tsc --project test/domain/tsconfig.json && tsc --project tsconfig.tooling.json
$ node scripts/worker-types.mjs --check && node scripts/document-validators.mjs --check

 ⛅️ wrangler 4.130.0
────────────────────
✨ Types at /Users/marcus/Developer/card-keepr/apps/api/worker-configuration.d.ts are up to date.


 ⛅️ wrangler 4.130.0 (update available 4.131.1)
───────────────────────────────────────────────
✨ Types at /Users/marcus/Developer/card-keepr/apps/ingestion/worker-configuration.d.ts are up to date.

$ node scripts/catalogue-import-cycles.mjs && node scripts/catalogue-import-boundary.mjs
Scanned 335 modules in src/catalogue (including type-only imports).
No strongly connected component larger than one module.
Checked 1445 relative imports across 368 modules.
No catalogue boundary violation.
$ pnpm run build:api && pnpm run build:ingestion
$ WRANGLER_LOG_PATH=.wrangler/logs wrangler deploy --dry-run --config apps/api/wrangler.jsonc

 ⛅️ wrangler 4.130.0 (update available 4.131.1)
───────────────────────────────────────────────
Total Upload: 196.86 KiB / gzip: 44.84 KiB
Your Worker has access to the following bindings:
Binding                                                               Resource                     
env.CATALOGUE_DB (card-keepr-catalogue)                               D1 Database                  
env.PRINTING_IMAGES (card-keepr-printing-images)                      R2 Bucket                    
env.CATALOGUE_EXPORTS (card-keepr-catalogue-exports)                  R2 Bucket                    
env.CATALOGUE_RATE_LIMIT (300 requests/60s)                           Rate Limit                   
env.PRINTING_IMAGE_RATE_LIMIT (1200 requests/60s)                     Rate Limit                   
env.API_LIVENESS_RATE_LIMIT (60 requests/60s)                         Rate Limit                   
env.CF_VERSION_METADATA                                               Worker Version Metadata      
env.CORS_ALLOWED_ORIGINS ("http://localhost:3000")                    Environment Variable         
env.PUBLIC_BASE_URL ("https://card.keepr.digital/api")                Environment Variable         

--dry-run: exiting now.
$ WRANGLER_LOG_PATH=.wrangler/logs wrangler deploy --dry-run --config apps/ingestion/wrangler.jsonc

 ⛅️ wrangler 4.130.0 (update available 4.131.1)
───────────────────────────────────────────────
Total Upload: 4113.50 KiB / gzip: 714.47 KiB
Your Worker has access to the following bindings:
Binding                                                                                Resource                     
env.EVIDENCE_INGESTION_WORKFLOW (EvidenceIngestionWorkflow)                            Workflow                     
env.EVIDENCE_HOST_WORKFLOW (EvidenceHostWorkflow)                                      Workflow                     
env.RECONCILIATION_WORKFLOW (ReconciliationWorkflow)                                   Workflow                     
env.CATALOGUE_BACKUP_WORKFLOW (CatalogueBackupWorkflow)                                Workflow                     
env.CATALOGUE_DB (card-keepr-catalogue)                                                D1 Database                  
env.EVIDENCE_OBJECTS (card-keepr-evidence)                                             R2 Bucket                    
env.PRINTING_IMAGES (card-keepr-printing-images)                                       R2 Bucket                    
env.CATALOGUE_EXPORTS (card-keepr-catalogue-exports)                                   R2 Bucket                    
env.BACKUPS (card-keepr-backups)                                                       R2 Bucket                    
env.OFFICIAL_SOURCE_TRANSPORT (card-keepr-ingestion#OfficialSourceTransport)           Worker                       
env.ADMINISTRATION_RATE_LIMIT (30 requests/60s)                                        Rate Limit                   
env.INGESTION_LIVENESS_RATE_LIMIT (60 requests/60s)                                    Rate Limit                   
env.CF_VERSION_METADATA                                                                Worker Version Metadata      
env.PUBLIC_BASE_URL ("https://card.keepr.digital/ingest")                              Environment Variable         
env.ADMINISTRATION_CLOCK_MODE ("system")                                               Environment Variable         
env.SOURCE_HOST_PACING_MODE ("production")                                             Environment Variable         
env.SOURCE_HOST_PACING_INTERVAL_MS ("500")                                             Environment Variable         
env.CLOUDFLARE_ACCOUNT_ID ("3ec389380c7b82e6a172e6f351d4aad9")                         Environment Variable         
env.CATALOGUE_D1_DATABASE_ID ("2469f888-1530-4bef-bc58-17dc298bb598")                  Environment Variable         
env.DISPOSABLE_D1_DATABASE_ID ("cd5807b4-cde9-44ea-8a37-e650d1182ee8")                 Environment Variable         

--dry-run: exiting now.
