service core:user:export-repro: This Worker requires compatibility date "2026-09-11", but the newest date supported by this server binary is "2026-08-06".
/Users/marcus/Developer/card-keepr/node_modules/.pnpm/miniflare@4.20260730.0/node_modules/miniflare/dist/src/index.js:83638
      throw new MiniflareCoreError(
            ^

MiniflareCoreError [ERR_RUNTIME_FAILURE]: The Workers runtime failed to start. There was likely a problem with the workerd binary or your configuration.
Runtime stderr:
service core:user:export-repro: This Worker requires compatibility date "2026-09-11", but the newest date supported by this server binary is "2026-08-06".
    at StartupLogBuffer.handleStartupFailure (/Users/marcus/Developer/card-keepr/node_modules/.pnpm/miniflare@4.20260730.0/node_modules/miniflare/dist/src/index.js:83638:13)
    at Runtime.updateConfig (/Users/marcus/Developer/card-keepr/node_modules/.pnpm/miniflare@4.20260730.0/node_modules/miniflare/dist/src/index.js:83728:24)
    at process.processTicksAndRejections (node:internal/process/task_queues:104:5)
    at async #assembleAndUpdateConfig (/Users/marcus/Developer/card-keepr/node_modules/.pnpm/miniflare@4.20260730.0/node_modules/miniflare/dist/src/index.js:104322:30)
    at async Mutex.runWith (/Users/marcus/Developer/card-keepr/node_modules/.pnpm/miniflare@4.20260730.0/node_modules/miniflare/dist/src/index.js:72013:48)
    at async #waitForReady (/Users/marcus/Developer/card-keepr/node_modules/.pnpm/miniflare@4.20260730.0/node_modules/miniflare/dist/src/index.js:104442:5)
    at async _Miniflare._getProxyClient (/Users/marcus/Developer/card-keepr/node_modules/.pnpm/miniflare@4.20260730.0/node_modules/miniflare/dist/src/index.js:104629:5)
    at async #getProxy (/Users/marcus/Developer/card-keepr/node_modules/.pnpm/miniflare@4.20260730.0/node_modules/miniflare/dist/src/index.js:104691:25)
    at async file:///private/tmp/publication-export-repro-253.mjs:6:11 {
  code: 'ERR_RUNTIME_FAILURE',
  cause: undefined
}

Node.js v26.8.2
